Archive member included because of file (symbol)

/home/user/gitcafe/OpenTookits/linuxapp/TestReport/output/libAwcCommon.a(AwcCommon.o)
                              /home/user/gitcafe/OpenTookits/linuxapp/TestReport/output/obj/awc_wlan/awc_wlan.o (NetIsExist)
/home/user/gitcafe/OpenTookits/linuxapp/TestReport/output/libAwcCommon.a(Log.o)
                              /home/user/gitcafe/OpenTookits/linuxapp/TestReport/output/obj/awc_wlan/awc_wlan.o (LogFormat)

Discarded input sections

 .note.GNU-stack
                0x00000000        0x0 /home/user/ti-sdk-am335x-evm-06.00.00.00/linux-devkit/sysroots/i686-arago-linux/usr/bin/../arm-linux-gnueabihf/libc/usr/lib/arm-linux-gnueabihf/4.7.3/crti.o
 .gnu_debuglink
                0x00000000        0xc /home/user/ti-sdk-am335x-evm-06.00.00.00/linux-devkit/sysroots/i686-arago-linux/usr/bin/../arm-linux-gnueabihf/libc/usr/lib/arm-linux-gnueabihf/4.7.3/crti.o
 .note.GNU-stack
                0x00000000        0x0 /home/user/ti-sdk-am335x-evm-06.00.00.00/linux-devkit/sysroots/i686-arago-linux/usr/bin/../lib/gcc/arm-linux-gnueabihf/4.7.3/crtbeginS.o
 .note.GNU-stack
                0x00000000        0x0 /home/user/gitcafe/OpenTookits/linuxapp/TestReport/output/obj/awc_wlan/awc_wlan.o
 .note.GNU-stack
                0x00000000        0x0 /home/user/gitcafe/OpenTookits/linuxapp/TestReport/output/libAwcCommon.a(AwcCommon.o)
 .note.GNU-stack
                0x00000000        0x0 /home/user/gitcafe/OpenTookits/linuxapp/TestReport/output/libAwcCommon.a(Log.o)
 .note.GNU-stack
                0x00000000        0x0 /home/user/ti-sdk-am335x-evm-06.00.00.00/linux-devkit/sysroots/i686-arago-linux/usr/bin/../lib/gcc/arm-linux-gnueabihf/4.7.3/crtendS.o
 .note.GNU-stack
                0x00000000        0x0 /home/user/ti-sdk-am335x-evm-06.00.00.00/linux-devkit/sysroots/i686-arago-linux/usr/bin/../arm-linux-gnueabihf/libc/usr/lib/arm-linux-gnueabihf/4.7.3/crtn.o
 .gnu_debuglink
                0x00000000        0xc /home/user/ti-sdk-am335x-evm-06.00.00.00/linux-devkit/sysroots/i686-arago-linux/usr/bin/../arm-linux-gnueabihf/libc/usr/lib/arm-linux-gnueabihf/4.7.3/crtn.o

Memory Configuration

Name             Origin             Length             Attributes
*default*        0x00000000         0xffffffff

Linker script and memory map

LOAD /home/user/ti-sdk-am335x-evm-06.00.00.00/linux-devkit/sysroots/i686-arago-linux/usr/bin/../arm-linux-gnueabihf/libc/usr/lib/arm-linux-gnueabihf/4.7.3/crti.o
LOAD /home/user/ti-sdk-am335x-evm-06.00.00.00/linux-devkit/sysroots/i686-arago-linux/usr/bin/../lib/gcc/arm-linux-gnueabihf/4.7.3/crtbeginS.o
LOAD /home/user/gitcafe/OpenTookits/linuxapp/TestReport/output/obj/awc_wlan/awc_wlan.o
LOAD /home/user/ti-sdk-am335x-evm-06.00.00.00/linux-devkit/sysroots/i686-arago-linux/usr/bin/../arm-linux-gnueabihf/libc/usr/lib/arm-linux-gnueabihf/4.7.3/libpthread.so
START GROUP
LOAD /home/user/ti-sdk-am335x-evm-06.00.00.00/linux-devkit/sysroots/i686-arago-linux/usr/bin/../arm-linux-gnueabihf/libc/usr/lib/arm-linux-gnueabihf/4.7.3/../../lib/libpthread.so.0
LOAD /home/user/ti-sdk-am335x-evm-06.00.00.00/linux-devkit/sysroots/i686-arago-linux/usr/bin/../arm-linux-gnueabihf/libc/usr/lib/arm-linux-gnueabihf/4.7.3/./libpthread_nonshared.a
END GROUP
LOAD /home/user/gitcafe/OpenTookits/linuxapp/TestReport/output/libAwcCommon.a
LOAD /home/user/ti-sdk-am335x-evm-06.00.00.00/linux-devkit/sysroots/i686-arago-linux/usr/bin/../lib/gcc/arm-linux-gnueabihf/4.7.3/libgcc.a
LOAD /home/user/ti-sdk-am335x-evm-06.00.00.00/linux-devkit/sysroots/i686-arago-linux/usr/bin/../lib/gcc/arm-linux-gnueabihf/4.7.3/../../../../arm-linux-gnueabihf/lib/libgcc_s.so
START GROUP
LOAD /home/user/ti-sdk-am335x-evm-06.00.00.00/linux-devkit/sysroots/i686-arago-linux/usr/bin/../lib/gcc/arm-linux-gnueabihf/4.7.3/../../../../arm-linux-gnueabihf/lib/libgcc_s.so.1
LOAD /home/user/ti-sdk-am335x-evm-06.00.00.00/linux-devkit/sysroots/i686-arago-linux/usr/bin/../lib/gcc/arm-linux-gnueabihf/4.7.3/libgcc.a
END GROUP
LOAD /home/user/ti-sdk-am335x-evm-06.00.00.00/linux-devkit/sysroots/i686-arago-linux/usr/bin/../arm-linux-gnueabihf/libc/usr/lib/arm-linux-gnueabihf/4.7.3/libc.so
START GROUP
LOAD /home/user/ti-sdk-am335x-evm-06.00.00.00/linux-devkit/sysroots/i686-arago-linux/usr/bin/../arm-linux-gnueabihf/libc/usr/lib/arm-linux-gnueabihf/4.7.3/../../lib/libc.so.6
LOAD /home/user/ti-sdk-am335x-evm-06.00.00.00/linux-devkit/sysroots/i686-arago-linux/usr/bin/../arm-linux-gnueabihf/libc/usr/lib/arm-linux-gnueabihf/4.7.3/./libc_nonshared.a
LOAD /home/user/ti-sdk-am335x-evm-06.00.00.00/linux-devkit/sysroots/i686-arago-linux/usr/bin/../arm-linux-gnueabihf/libc/usr/lib/arm-linux-gnueabihf/4.7.3/../../lib/ld-linux-armhf.so.3
END GROUP
LOAD /home/user/ti-sdk-am335x-evm-06.00.00.00/linux-devkit/sysroots/i686-arago-linux/usr/bin/../lib/gcc/arm-linux-gnueabihf/4.7.3/libgcc.a
LOAD /home/user/ti-sdk-am335x-evm-06.00.00.00/linux-devkit/sysroots/i686-arago-linux/usr/bin/../lib/gcc/arm-linux-gnueabihf/4.7.3/../../../../arm-linux-gnueabihf/lib/libgcc_s.so
START GROUP
LOAD /home/user/ti-sdk-am335x-evm-06.00.00.00/linux-devkit/sysroots/i686-arago-linux/usr/bin/../lib/gcc/arm-linux-gnueabihf/4.7.3/../../../../arm-linux-gnueabihf/lib/libgcc_s.so.1
LOAD /home/user/ti-sdk-am335x-evm-06.00.00.00/linux-devkit/sysroots/i686-arago-linux/usr/bin/../lib/gcc/arm-linux-gnueabihf/4.7.3/libgcc.a
END GROUP
LOAD /home/user/ti-sdk-am335x-evm-06.00.00.00/linux-devkit/sysroots/i686-arago-linux/usr/bin/../lib/gcc/arm-linux-gnueabihf/4.7.3/crtendS.o
LOAD /home/user/ti-sdk-am335x-evm-06.00.00.00/linux-devkit/sysroots/i686-arago-linux/usr/bin/../arm-linux-gnueabihf/libc/usr/lib/arm-linux-gnueabihf/4.7.3/crtn.o
                0x000000d4                . = (0x0 + SIZEOF_HEADERS)

.note.gnu.build-id
                0x000000d4       0x24
 *(.note.gnu.build-id)
 .note.gnu.build-id
                0x000000d4       0x24 linker stubs

.hash           0x000000f8      0x280
 *(.hash)
 .hash          0x000000f8      0x280 /home/user/ti-sdk-am335x-evm-06.00.00.00/linux-devkit/sysroots/i686-arago-linux/usr/bin/../arm-linux-gnueabihf/libc/usr/lib/arm-linux-gnueabihf/4.7.3/crti.o

.gnu.hash
 *(.gnu.hash)

.dynsym         0x00000378      0x5b0
 *(.dynsym)
 .dynsym        0x00000378      0x5b0 /home/user/ti-sdk-am335x-evm-06.00.00.00/linux-devkit/sysroots/i686-arago-linux/usr/bin/../arm-linux-gnueabihf/libc/usr/lib/arm-linux-gnueabihf/4.7.3/crti.o

.dynstr         0x00000928      0x3a6
 *(.dynstr)
 .dynstr        0x00000928      0x3a6 /home/user/ti-sdk-am335x-evm-06.00.00.00/linux-devkit/sysroots/i686-arago-linux/usr/bin/../arm-linux-gnueabihf/libc/usr/lib/arm-linux-gnueabihf/4.7.3/crti.o

.gnu.version    0x00000cce       0xb6
 *(.gnu.version)
 .gnu.version   0x00000cce       0xb6 /home/user/ti-sdk-am335x-evm-06.00.00.00/linux-devkit/sysroots/i686-arago-linux/usr/bin/../arm-linux-gnueabihf/libc/usr/lib/arm-linux-gnueabihf/4.7.3/crti.o

.gnu.version_d  0x00000d84        0x0
 *(.gnu.version_d)
 .gnu.version_d
                0x00000000        0x0 /home/user/ti-sdk-am335x-evm-06.00.00.00/linux-devkit/sysroots/i686-arago-linux/usr/bin/../arm-linux-gnueabihf/libc/usr/lib/arm-linux-gnueabihf/4.7.3/crti.o

.gnu.version_r  0x00000d84       0x40
 *(.gnu.version_r)
 .gnu.version_r
                0x00000d84       0x40 /home/user/ti-sdk-am335x-evm-06.00.00.00/linux-devkit/sysroots/i686-arago-linux/usr/bin/../arm-linux-gnueabihf/libc/usr/lib/arm-linux-gnueabihf/4.7.3/crti.o

.rel.dyn        0x00000dc4       0xa0
 *(.rel.init)
 *(.rel.text .rel.text.* .rel.gnu.linkonce.t.*)
 .rel.text      0x00000000        0x0 /home/user/ti-sdk-am335x-evm-06.00.00.00/linux-devkit/sysroots/i686-arago-linux/usr/bin/../arm-linux-gnueabihf/libc/usr/lib/arm-linux-gnueabihf/4.7.3/crti.o
 *(.rel.fini)
 *(.rel.rodata .rel.rodata.* .rel.gnu.linkonce.r.*)
 *(.rel.data.rel.ro .rel.data.rel.ro.* .rel.gnu.linkonce.d.rel.ro.*)
 *(.rel.data .rel.data.* .rel.gnu.linkonce.d.*)
 .rel.data.rel  0x00000dc4       0x58 /home/user/ti-sdk-am335x-evm-06.00.00.00/linux-devkit/sysroots/i686-arago-linux/usr/bin/../arm-linux-gnueabihf/libc/usr/lib/arm-linux-gnueabihf/4.7.3/crti.o
 *(.rel.tdata .rel.tdata.* .rel.gnu.linkonce.td.*)
 *(.rel.tbss .rel.tbss.* .rel.gnu.linkonce.tb.*)
 *(.rel.ctors)
 *(.rel.dtors)
 *(.rel.got)
 .rel.got       0x00000e1c       0x38 /home/user/ti-sdk-am335x-evm-06.00.00.00/linux-devkit/sysroots/i686-arago-linux/usr/bin/../arm-linux-gnueabihf/libc/usr/lib/arm-linux-gnueabihf/4.7.3/crti.o
 *(.rel.bss .rel.bss.* .rel.gnu.linkonce.b.*)
 *(.rel.iplt)
 .rel.iplt      0x00000000        0x0 /home/user/ti-sdk-am335x-evm-06.00.00.00/linux-devkit/sysroots/i686-arago-linux/usr/bin/../arm-linux-gnueabihf/libc/usr/lib/arm-linux-gnueabihf/4.7.3/crti.o
 .rel.init_array
                0x00000e54        0x8 /home/user/ti-sdk-am335x-evm-06.00.00.00/linux-devkit/sysroots/i686-arago-linux/usr/bin/../arm-linux-gnueabihf/libc/usr/lib/arm-linux-gnueabihf/4.7.3/crti.o
 .rel.fini_array
                0x00000e5c        0x8 /home/user/ti-sdk-am335x-evm-06.00.00.00/linux-devkit/sysroots/i686-arago-linux/usr/bin/../arm-linux-gnueabihf/libc/usr/lib/arm-linux-gnueabihf/4.7.3/crti.o

.rela.dyn
 *(.rela.init)
 *(.rela.text .rela.text.* .rela.gnu.linkonce.t.*)
 *(.rela.fini)
 *(.rela.rodata .rela.rodata.* .rela.gnu.linkonce.r.*)
 *(.rela.data .rela.data.* .rela.gnu.linkonce.d.*)
 *(.rela.tdata .rela.tdata.* .rela.gnu.linkonce.td.*)
 *(.rela.tbss .rela.tbss.* .rela.gnu.linkonce.tb.*)
 *(.rela.ctors)
 *(.rela.dtors)
 *(.rela.got)
 *(.rela.bss .rela.bss.* .rela.gnu.linkonce.b.*)
 *(.rela.iplt)

.rel.plt        0x00000e64      0x1b0
 *(.rel.plt)
 .rel.plt       0x00000e64      0x1b0 /home/user/ti-sdk-am335x-evm-06.00.00.00/linux-devkit/sysroots/i686-arago-linux/usr/bin/../arm-linux-gnueabihf/libc/usr/lib/arm-linux-gnueabihf/4.7.3/crti.o

.rela.plt
 *(.rela.plt)

.init           0x00001014        0xa
 *(SORT(.init))
 .init          0x00001014        0x8 /home/user/ti-sdk-am335x-evm-06.00.00.00/linux-devkit/sysroots/i686-arago-linux/usr/bin/../arm-linux-gnueabihf/libc/usr/lib/arm-linux-gnueabihf/4.7.3/crti.o
                0x00001014                _init
 .init          0x0000101c        0x2 /home/user/ti-sdk-am335x-evm-06.00.00.00/linux-devkit/sysroots/i686-arago-linux/usr/bin/../arm-linux-gnueabihf/libc/usr/lib/arm-linux-gnueabihf/4.7.3/crtn.o

.plt            0x00001020      0x2a0
 *(.plt)
 .plt           0x00001020      0x2a0 /home/user/ti-sdk-am335x-evm-06.00.00.00/linux-devkit/sysroots/i686-arago-linux/usr/bin/../arm-linux-gnueabihf/libc/usr/lib/arm-linux-gnueabihf/4.7.3/crti.o

.iplt           0x000012c0        0x0
 *(.iplt)
 .iplt          0x00000000        0x0 /home/user/ti-sdk-am335x-evm-06.00.00.00/linux-devkit/sysroots/i686-arago-linux/usr/bin/../arm-linux-gnueabihf/libc/usr/lib/arm-linux-gnueabihf/4.7.3/crti.o

.text           0x000012c0      0xaac
 *(.text.unlikely .text.*_unlikely)
 *(.text.exit .text.exit.*)
 *(.text.startup .text.startup.*)
 *(.text.hot .text.hot.*)
 *(.text .stub .text.* .gnu.linkonce.t.*)
 .text          0x000012c0       0x18 /home/user/ti-sdk-am335x-evm-06.00.00.00/linux-devkit/sysroots/i686-arago-linux/usr/bin/../arm-linux-gnueabihf/libc/usr/lib/arm-linux-gnueabihf/4.7.3/crti.o
 .text          0x000012d8       0xdc /home/user/ti-sdk-am335x-evm-06.00.00.00/linux-devkit/sysroots/i686-arago-linux/usr/bin/../lib/gcc/arm-linux-gnueabihf/4.7.3/crtbeginS.o
 .text          0x000013b4      0x198 /home/user/gitcafe/OpenTookits/linuxapp/TestReport/output/obj/awc_wlan/awc_wlan.o
                0x000013b4                wlan_init
                0x000013b8                wlan_checkConnection
                0x000013bc                wlan_checkRebootSystem
                0x000013c0                wlan_checkDeviceExist
                0x000013d0                wlan_checkDaemonProcess
                0x000013e0                wlan_restartModem
                0x0000140c                wlan_dialDown
                0x0000141c                wlan_dialUp
                0x00001444                wlan_showConfig
                0x0000152c                wlan_loadConfig
                0x00001538                GetConnection
 .text          0x0000154c      0x768 /home/user/gitcafe/OpenTookits/linuxapp/TestReport/output/libAwcCommon.a(AwcCommon.o)
                0x0000154c                GetIP
                0x000015ac                skipline
                0x000015c4                NetIsExist
                0x00001630                gpio_set
                0x00001644                gpio_clear
                0x00001658                restartUSB
                0x000016f8                usb_detect
                0x0000175c                find_usb_bus_no
                0x000017d4                serial_init
                0x00001820                usbLable_detect
                0x0000188c                get_gprs_config_node_name
                0x000019ac                checkProcess
                0x00001a1c                system_ping
                0x00001ad8                traffic_monitor
                0x00001c40                get_program_path
 .text          0x00001cb4       0xb8 /home/user/gitcafe/OpenTookits/linuxapp/TestReport/output/libAwcCommon.a(Log.o)
                0x00001cb4                Log
                0x00001cc0                LogFormat
                0x00001d08                LogBuffer
 .text          0x00001d6c        0x0 /home/user/ti-sdk-am335x-evm-06.00.00.00/linux-devkit/sysroots/i686-arago-linux/usr/bin/../lib/gcc/arm-linux-gnueabihf/4.7.3/crtendS.o
 .text          0x00001d6c        0x0 /home/user/ti-sdk-am335x-evm-06.00.00.00/linux-devkit/sysroots/i686-arago-linux/usr/bin/../arm-linux-gnueabihf/libc/usr/lib/arm-linux-gnueabihf/4.7.3/crtn.o
 *(.gnu.warning)
 *(.glue_7t)
 .glue_7t       0x00000000        0x0 linker stubs
 *(.glue_7)
 .glue_7        0x00000000        0x0 linker stubs
 *(.vfp11_veneer)
 .vfp11_veneer  0x00000000        0x0 linker stubs
 *(.v4_bx)
 .v4_bx         0x00000000        0x0 linker stubs

.fini           0x00001d6c        0x6
 *(SORT(.fini))
 .fini          0x00001d6c        0x4 /home/user/ti-sdk-am335x-evm-06.00.00.00/linux-devkit/sysroots/i686-arago-linux/usr/bin/../arm-linux-gnueabihf/libc/usr/lib/arm-linux-gnueabihf/4.7.3/crti.o
                0x00001d6c                _fini
 .fini          0x00001d70        0x2 /home/user/ti-sdk-am335x-evm-06.00.00.00/linux-devkit/sysroots/i686-arago-linux/usr/bin/../arm-linux-gnueabihf/libc/usr/lib/arm-linux-gnueabihf/4.7.3/crtn.o
                0x00001d72                PROVIDE (__etext, .)
                0x00001d72                PROVIDE (_etext, .)
                0x00001d72                PROVIDE (etext, .)

.rodata         0x00001d74      0x280
 *(.rodata .rodata.* .gnu.linkonce.r.*)
 .rodata.str1.4
                0x00001d74       0xe9 /home/user/gitcafe/OpenTookits/linuxapp/TestReport/output/obj/awc_wlan/awc_wlan.o
                                 0xec (size before relaxing)
 *fill*         0x00001e5d        0x3 
 .rodata        0x00001e60       0x2c /home/user/gitcafe/OpenTookits/linuxapp/TestReport/output/libAwcCommon.a(AwcCommon.o)
 .rodata.str1.4
                0x00001e8c      0x153 /home/user/gitcafe/OpenTookits/linuxapp/TestReport/output/libAwcCommon.a(AwcCommon.o)
                                0x158 (size before relaxing)
 *fill*         0x00001fdf        0x1 
 .rodata.str1.4
                0x00001fe0       0x14 /home/user/gitcafe/OpenTookits/linuxapp/TestReport/output/libAwcCommon.a(Log.o)

.rodata1
 *(.rodata1)

.ARM.extab
 *(.ARM.extab* .gnu.linkonce.armextab.*)
                0x00001ff4                PROVIDE (__exidx_start, .)

.ARM.exidx
 *(.ARM.exidx* .gnu.linkonce.armexidx.*)
                0x00001ff4                PROVIDE (__exidx_end, .)

.eh_frame_hdr   0x00001ff4        0x0
 *(.eh_frame_hdr)
 .eh_frame_hdr  0x00000000        0x0 /home/user/ti-sdk-am335x-evm-06.00.00.00/linux-devkit/sysroots/i686-arago-linux/usr/bin/../arm-linux-gnueabihf/libc/usr/lib/arm-linux-gnueabihf/4.7.3/crtn.o

.eh_frame       0x00001ff4        0x4
 *(.eh_frame)
 .eh_frame      0x00001ff4        0x4 /home/user/ti-sdk-am335x-evm-06.00.00.00/linux-devkit/sysroots/i686-arago-linux/usr/bin/../lib/gcc/arm-linux-gnueabihf/4.7.3/crtendS.o

.gcc_except_table
 *(.gcc_except_table .gcc_except_table.*)

.exception_ranges
 *(.exception_ranges .exception_ranges*)
                0x00001ff8                . = (ALIGN (0x8000) - ((0x8000 - .) & 0x7fff))
                0x0000a000                . = DATA_SEGMENT_ALIGN (0x8000, 0x1000)

.eh_frame
 *(.eh_frame)

.gcc_except_table
 *(.gcc_except_table .gcc_except_table.*)

.exception_ranges
 *(.exception_ranges .exception_ranges*)

.tdata
 *(.tdata .tdata.* .gnu.linkonce.td.*)

.tbss
 *(.tbss .tbss.* .gnu.linkonce.tb.*)
 *(.tcommon)

.preinit_array
 *(.preinit_array)

.init_array     0x0000a000        0x4
 *(SORT(.init_array.*))
 *(.init_array)
 .init_array    0x0000a000        0x4 /home/user/ti-sdk-am335x-evm-06.00.00.00/linux-devkit/sysroots/i686-arago-linux/usr/bin/../lib/gcc/arm-linux-gnueabihf/4.7.3/crtbeginS.o

.fini_array     0x0000a004        0x4
 *(SORT(.fini_array.*))
 *(.fini_array)
 .fini_array    0x0000a004        0x4 /home/user/ti-sdk-am335x-evm-06.00.00.00/linux-devkit/sysroots/i686-arago-linux/usr/bin/../lib/gcc/arm-linux-gnueabihf/4.7.3/crtbeginS.o

.ctors
 *crtbegin.o(.ctors)
 *crtbegin?.o(.ctors)
 *(EXCLUDE_FILE(*crtend?.o *crtend.o) .ctors)
 *(SORT(.ctors.*))
 *(.ctors)

.dtors
 *crtbegin.o(.dtors)
 *crtbegin?.o(.dtors)
 *(EXCLUDE_FILE(*crtend?.o *crtend.o) .dtors)
 *(SORT(.dtors.*))
 *(.dtors)

.jcr            0x0000a008        0x4
 *(.jcr)
 .jcr           0x0000a008        0x0 /home/user/ti-sdk-am335x-evm-06.00.00.00/linux-devkit/sysroots/i686-arago-linux/usr/bin/../lib/gcc/arm-linux-gnueabihf/4.7.3/crtbeginS.o
 .jcr           0x0000a008        0x4 /home/user/ti-sdk-am335x-evm-06.00.00.00/linux-devkit/sysroots/i686-arago-linux/usr/bin/../lib/gcc/arm-linux-gnueabihf/4.7.3/crtendS.o

.data.rel.ro
 *(.data.rel.ro.local* .gnu.linkonce.d.rel.ro.local.*)
 *(.data.rel.ro .data.rel.ro.* .gnu.linkonce.d.rel.ro.*)

.dynamic        0x0000a00c       0xf0
 *(.dynamic)
 .dynamic       0x0000a00c       0xf0 /home/user/ti-sdk-am335x-evm-06.00.00.00/linux-devkit/sysroots/i686-arago-linux/usr/bin/../arm-linux-gnueabihf/libc/usr/lib/arm-linux-gnueabihf/4.7.3/crti.o
                0x0000a00c                _DYNAMIC
                0x0000a0fc                . = DATA_SEGMENT_RELRO_END (., 0x0)

.got            0x0000a0fc      0x100
 *(.got.plt)
 .got.plt       0x0000a0fc       0xe4 /home/user/ti-sdk-am335x-evm-06.00.00.00/linux-devkit/sysroots/i686-arago-linux/usr/bin/../arm-linux-gnueabihf/libc/usr/lib/arm-linux-gnueabihf/4.7.3/crti.o
                0x0000a0fc                _GLOBAL_OFFSET_TABLE_
 *(.igot.plt)
 .igot.plt      0x00000000        0x0 /home/user/ti-sdk-am335x-evm-06.00.00.00/linux-devkit/sysroots/i686-arago-linux/usr/bin/../arm-linux-gnueabihf/libc/usr/lib/arm-linux-gnueabihf/4.7.3/crti.o
 *(.got)
 .got           0x0000a1e0       0x1c /home/user/ti-sdk-am335x-evm-06.00.00.00/linux-devkit/sysroots/i686-arago-linux/usr/bin/../arm-linux-gnueabihf/libc/usr/lib/arm-linux-gnueabihf/4.7.3/crti.o
 *(.igot)

.data           0x0000a1fc     0x14f4
                0x0000a1fc                PROVIDE (__data_start, .)
 *(.data .data.* .gnu.linkonce.d.*)
 .data          0x0000a1fc        0x0 /home/user/ti-sdk-am335x-evm-06.00.00.00/linux-devkit/sysroots/i686-arago-linux/usr/bin/../arm-linux-gnueabihf/libc/usr/lib/arm-linux-gnueabihf/4.7.3/crti.o
 .data          0x0000a1fc        0x0 /home/user/ti-sdk-am335x-evm-06.00.00.00/linux-devkit/sysroots/i686-arago-linux/usr/bin/../lib/gcc/arm-linux-gnueabihf/4.7.3/crtbeginS.o
 .data.rel      0x0000a1fc        0x4 /home/user/ti-sdk-am335x-evm-06.00.00.00/linux-devkit/sysroots/i686-arago-linux/usr/bin/../lib/gcc/arm-linux-gnueabihf/4.7.3/crtbeginS.o
                0x0000a1fc                __dso_handle
 .data          0x0000a200        0x0 /home/user/gitcafe/OpenTookits/linuxapp/TestReport/output/obj/awc_wlan/awc_wlan.o
 .data.rel      0x0000a200     0x14f0 /home/user/gitcafe/OpenTookits/linuxapp/TestReport/output/obj/awc_wlan/awc_wlan.o
                0x0000a200                connection
 .data          0x0000b6f0        0x0 /home/user/gitcafe/OpenTookits/linuxapp/TestReport/output/libAwcCommon.a(AwcCommon.o)
 .data          0x0000b6f0        0x0 /home/user/gitcafe/OpenTookits/linuxapp/TestReport/output/libAwcCommon.a(Log.o)
 .data          0x0000b6f0        0x0 /home/user/ti-sdk-am335x-evm-06.00.00.00/linux-devkit/sysroots/i686-arago-linux/usr/bin/../lib/gcc/arm-linux-gnueabihf/4.7.3/crtendS.o
 .data          0x0000b6f0        0x0 /home/user/ti-sdk-am335x-evm-06.00.00.00/linux-devkit/sysroots/i686-arago-linux/usr/bin/../arm-linux-gnueabihf/libc/usr/lib/arm-linux-gnueabihf/4.7.3/crtn.o

.tm_clone_table
                0x0000b6f0        0x0
 .tm_clone_table
                0x0000b6f0        0x0 /home/user/ti-sdk-am335x-evm-06.00.00.00/linux-devkit/sysroots/i686-arago-linux/usr/bin/../lib/gcc/arm-linux-gnueabihf/4.7.3/crtbeginS.o
 .tm_clone_table
                0x0000b6f0        0x0 /home/user/ti-sdk-am335x-evm-06.00.00.00/linux-devkit/sysroots/i686-arago-linux/usr/bin/../lib/gcc/arm-linux-gnueabihf/4.7.3/crtendS.o

.data1
 *(.data1)
                0x0000b6f0                _edata = .
                0x0000b6f0                PROVIDE (edata, .)
                0x0000b6f0                . = .
                0x0000b6f0                __bss_start = .
                0x0000b6f0                __bss_start__ = .

.bss            0x0000b6f0        0x4
 *(.dynbss)
 .dynbss        0x00000000        0x0 /home/user/ti-sdk-am335x-evm-06.00.00.00/linux-devkit/sysroots/i686-arago-linux/usr/bin/../arm-linux-gnueabihf/libc/usr/lib/arm-linux-gnueabihf/4.7.3/crti.o
 *(.bss .bss.* .gnu.linkonce.b.*)
 .bss           0x0000b6f0        0x0 /home/user/ti-sdk-am335x-evm-06.00.00.00/linux-devkit/sysroots/i686-arago-linux/usr/bin/../arm-linux-gnueabihf/libc/usr/lib/arm-linux-gnueabihf/4.7.3/crti.o
 .bss           0x0000b6f0        0x1 /home/user/ti-sdk-am335x-evm-06.00.00.00/linux-devkit/sysroots/i686-arago-linux/usr/bin/../lib/gcc/arm-linux-gnueabihf/4.7.3/crtbeginS.o
 .bss           0x0000b6f1        0x0 /home/user/gitcafe/OpenTookits/linuxapp/TestReport/output/obj/awc_wlan/awc_wlan.o
 .bss           0x0000b6f1        0x0 /home/user/gitcafe/OpenTookits/linuxapp/TestReport/output/libAwcCommon.a(AwcCommon.o)
 .bss           0x0000b6f1        0x0 /home/user/gitcafe/OpenTookits/linuxapp/TestReport/output/libAwcCommon.a(Log.o)
 .bss           0x0000b6f1        0x0 /home/user/ti-sdk-am335x-evm-06.00.00.00/linux-devkit/sysroots/i686-arago-linux/usr/bin/../lib/gcc/arm-linux-gnueabihf/4.7.3/crtendS.o
 .bss           0x0000b6f1        0x0 /home/user/ti-sdk-am335x-evm-06.00.00.00/linux-devkit/sysroots/i686-arago-linux/usr/bin/../arm-linux-gnueabihf/libc/usr/lib/arm-linux-gnueabihf/4.7.3/crtn.o
 *(COMMON)
                0x0000b6f4                . = ALIGN ((. != 0x0)?0x4:0x1)
 *fill*         0x0000b6f1        0x3 
                0x0000b6f4                _bss_end__ = .
                0x0000b6f4                __bss_end__ = .
                0x0000b6f4                . = ALIGN (0x4)
                0x0000b6f4                . = ALIGN (0x4)
                0x0000b6f4                __end__ = .
                0x0000b6f4                _end = .
                0x0000b6f4                PROVIDE (end, .)
                0x0000b6f4                . = DATA_SEGMENT_END (.)

.stab
 *(.stab)

.stabstr
 *(.stabstr)

.stab.excl
 *(.stab.excl)

.stab.exclstr
 *(.stab.exclstr)

.stab.index
 *(.stab.index)

.stab.indexstr
 *(.stab.indexstr)

.comment        0x00000000       0x68
 *(.comment)
 .comment       0x00000000       0x68 /home/user/gitcafe/OpenTookits/linuxapp/TestReport/output/obj/awc_wlan/awc_wlan.o
                                 0x69 (size before relaxing)
 .comment       0x00000000       0x69 /home/user/gitcafe/OpenTookits/linuxapp/TestReport/output/libAwcCommon.a(AwcCommon.o)
 .comment       0x00000000       0x69 /home/user/gitcafe/OpenTookits/linuxapp/TestReport/output/libAwcCommon.a(Log.o)

.ARM.attributes
                0x00000000       0x39
 .ARM.attributes
                0x00000000       0x37 /home/user/ti-sdk-am335x-evm-06.00.00.00/linux-devkit/sysroots/i686-arago-linux/usr/bin/../arm-linux-gnueabihf/libc/usr/lib/arm-linux-gnueabihf/4.7.3/crti.o
 .ARM.attributes
                0x00000037       0x35 /home/user/ti-sdk-am335x-evm-06.00.00.00/linux-devkit/sysroots/i686-arago-linux/usr/bin/../lib/gcc/arm-linux-gnueabihf/4.7.3/crtbeginS.o
 .ARM.attributes
                0x0000006c       0x3d /home/user/gitcafe/OpenTookits/linuxapp/TestReport/output/obj/awc_wlan/awc_wlan.o
 .ARM.attributes
                0x000000a9       0x3d /home/user/gitcafe/OpenTookits/linuxapp/TestReport/output/libAwcCommon.a(AwcCommon.o)
 .ARM.attributes
                0x000000e6       0x3d /home/user/gitcafe/OpenTookits/linuxapp/TestReport/output/libAwcCommon.a(Log.o)
 .ARM.attributes
                0x00000123       0x35 /home/user/ti-sdk-am335x-evm-06.00.00.00/linux-devkit/sysroots/i686-arago-linux/usr/bin/../lib/gcc/arm-linux-gnueabihf/4.7.3/crtendS.o
 .ARM.attributes
                0x00000158       0x37 /home/user/ti-sdk-am335x-evm-06.00.00.00/linux-devkit/sysroots/i686-arago-linux/usr/bin/../arm-linux-gnueabihf/libc/usr/lib/arm-linux-gnueabihf/4.7.3/crtn.o

.debug
 *(.debug)

.line
 *(.line)

.debug_srcinfo
 *(.debug_srcinfo)

.debug_sfnames
 *(.debug_sfnames)

.debug_aranges  0x00000000       0x60
 *(.debug_aranges)
 .debug_aranges
                0x00000000       0x20 /home/user/gitcafe/OpenTookits/linuxapp/TestReport/output/obj/awc_wlan/awc_wlan.o
 .debug_aranges
                0x00000020       0x20 /home/user/gitcafe/OpenTookits/linuxapp/TestReport/output/libAwcCommon.a(AwcCommon.o)
 .debug_aranges
                0x00000040       0x20 /home/user/gitcafe/OpenTookits/linuxapp/TestReport/output/libAwcCommon.a(Log.o)

.debug_pubnames
 *(.debug_pubnames)

.debug_info     0x00000000     0x2dcd
 *(.debug_info .gnu.linkonce.wi.*)
 .debug_info    0x00000000      0xb44 /home/user/gitcafe/OpenTookits/linuxapp/TestReport/output/obj/awc_wlan/awc_wlan.o
 .debug_info    0x00000b44     0x1cca /home/user/gitcafe/OpenTookits/linuxapp/TestReport/output/libAwcCommon.a(AwcCommon.o)
 .debug_info    0x0000280e      0x5bf /home/user/gitcafe/OpenTookits/linuxapp/TestReport/output/libAwcCommon.a(Log.o)

.debug_abbrev   0x00000000      0x772
 *(.debug_abbrev)
 .debug_abbrev  0x00000000      0x20a /home/user/gitcafe/OpenTookits/linuxapp/TestReport/output/obj/awc_wlan/awc_wlan.o
 .debug_abbrev  0x0000020a      0x385 /home/user/gitcafe/OpenTookits/linuxapp/TestReport/output/libAwcCommon.a(AwcCommon.o)
 .debug_abbrev  0x0000058f      0x1e3 /home/user/gitcafe/OpenTookits/linuxapp/TestReport/output/libAwcCommon.a(Log.o)

.debug_line     0x00000000      0xb51
 *(.debug_line)
 .debug_line    0x00000000      0x2de /home/user/gitcafe/OpenTookits/linuxapp/TestReport/output/obj/awc_wlan/awc_wlan.o
 .debug_line    0x000002de      0x5be /home/user/gitcafe/OpenTookits/linuxapp/TestReport/output/libAwcCommon.a(AwcCommon.o)
 .debug_line    0x0000089c      0x2b5 /home/user/gitcafe/OpenTookits/linuxapp/TestReport/output/libAwcCommon.a(Log.o)

.debug_frame    0x00000000      0x364
 *(.debug_frame)
 .debug_frame   0x00000000      0x104 /home/user/gitcafe/OpenTookits/linuxapp/TestReport/output/obj/awc_wlan/awc_wlan.o
 .debug_frame   0x00000104      0x1e4 /home/user/gitcafe/OpenTookits/linuxapp/TestReport/output/libAwcCommon.a(AwcCommon.o)
 .debug_frame   0x000002e8       0x7c /home/user/gitcafe/OpenTookits/linuxapp/TestReport/output/libAwcCommon.a(Log.o)

.debug_str      0x00000000      0xb3a
 *(.debug_str)
 .debug_str     0x00000000      0x4de /home/user/gitcafe/OpenTookits/linuxapp/TestReport/output/obj/awc_wlan/awc_wlan.o
                                0x5b3 (size before relaxing)
 .debug_str     0x000004de      0x5de /home/user/gitcafe/OpenTookits/linuxapp/TestReport/output/libAwcCommon.a(AwcCommon.o)
                                0x959 (size before relaxing)
 .debug_str     0x00000abc       0x7e /home/user/gitcafe/OpenTookits/linuxapp/TestReport/output/libAwcCommon.a(Log.o)
                                0x32c (size before relaxing)

.debug_loc      0x00000000      0xf87
 *(.debug_loc)
 .debug_loc     0x00000000      0x363 /home/user/gitcafe/OpenTookits/linuxapp/TestReport/output/obj/awc_wlan/awc_wlan.o
 .debug_loc     0x00000363      0xa8b /home/user/gitcafe/OpenTookits/linuxapp/TestReport/output/libAwcCommon.a(AwcCommon.o)
 .debug_loc     0x00000dee      0x199 /home/user/gitcafe/OpenTookits/linuxapp/TestReport/output/libAwcCommon.a(Log.o)

.debug_macinfo
 *(.debug_macinfo)

.debug_weaknames
 *(.debug_weaknames)

.debug_funcnames
 *(.debug_funcnames)

.debug_typenames
 *(.debug_typenames)

.debug_varnames
 *(.debug_varnames)

.debug_pubtypes
 *(.debug_pubtypes)

.debug_ranges   0x00000000       0x30
 *(.debug_ranges)
 .debug_ranges  0x00000000       0x30 /home/user/gitcafe/OpenTookits/linuxapp/TestReport/output/libAwcCommon.a(AwcCommon.o)

.debug_macro
 *(.debug_macro)

.gnu.attributes
 *(.gnu.attributes)

.note.gnu.arm.ident
 *(.note.gnu.arm.ident)

/DISCARD/
 *(.note.GNU-stack)
 *(.gnu_debuglink)
 *(.gnu.lto_*)
OUTPUT(/home/user/gitcafe/OpenTookits/linuxapp/TestReport/output/awc_wlan.so elf32-littlearm)
